exports[`withSeverity passes in appropriate theme colors when the severity state is TIMER_SEVERITY_CALM 1`] = `
<div
  backgroundPrimaryColor="var(--Clouds)"
  backgroundSecondaryColor="var(--Concrete)" />
`;

exports[`withSeverity passes in appropriate theme colors when the severity state is TIMER_SEVERITY_CRITICAL 1`] = `
<div
  backgroundPrimaryColor="var(--Pomegranate)"
  backgroundSecondaryColor="var(--Alizarin)" />
`;

exports[`withSeverity passes in appropriate theme colors when the severity state is TIMER_SEVERITY_DANGER 1`] = `
<div
  backgroundPrimaryColor="var(--Alizarin)"
  backgroundSecondaryColor="var(--Pomegranate)" />
`;

exports[`withSeverity passes in appropriate theme colors when the severity state is TIMER_SEVERITY_WARN 1`] = `
<div
  backgroundPrimaryColor="var(--SunFlower)"
  backgroundSecondaryColor="var(--Orange)" />
`;
