exports[`PresenterLayout renders the component 1`] = `
<div
  style={
    Object {
      "display": "flex",
    }
  }>
  <div
    style={
      Object {
        "display": "flex",
        "flex": 1,
        "flexDirection": "column",
        "height": "100vh",
      }
    }>
    <main
      style={
        Object {
          "display": "flex",
          "flex": 1,
          "flexDirection": "column",
        }
      } />
    <div
      style={
        Object {
          "background": "var(--Clouds)",
        }
      }>
      <div
        style={
          Object {
            "background": "var(--Clouds)",
            "height": 50,
            "whiteSpace": "nowrap",
            "width": "50%",
          }
        } />
    </div>
  </div>
</div>
`;
